﻿
> inexo-website@0.0.0 build
> vite build

[36mvite v8.0.11 [32mbuilding client environment for production...[36m[39m
[2K
transforming...Γ£ô 109 modules transformed.
rendering chunks...
computing gzip size...
dist/index.html                                                         0.63 kB Γöé gzip:      0.39 kB
dist/assets/ibm-plex-serif-vietnamese-400-normal-BY9Vij9A.woff          6.11 kB
dist/assets/ibm-plex-serif-vietnamese-400-normal-DGubAMUE.woff2         6.15 kB
dist/assets/ibm-plex-serif-vietnamese-500-normal-BXXzeVTF.woff          6.18 kB
dist/assets/ibm-plex-serif-vietnamese-600-normal-DZRaS25B.woff          6.18 kB
dist/assets/ibm-plex-serif-vietnamese-700-normal-B3aSYR1A.woff          6.19 kB
dist/assets/ibm-plex-serif-vietnamese-500-normal-2_PwV24p.woff2         6.24 kB
dist/assets/ibm-plex-serif-vietnamese-600-normal-BBruYZNA.woff2         6.26 kB
dist/assets/ibm-plex-serif-vietnamese-700-normal-hPmb8oh_.woff2         6.37 kB
dist/assets/ibm-plex-sans-vietnamese-400-normal-fK1oJ5dG.woff           6.39 kB
dist/assets/ibm-plex-sans-vietnamese-700-normal-BV5B8Are.woff           6.42 kB
dist/assets/ibm-plex-sans-vietnamese-600-normal-DgdngZtN.woff           6.58 kB
dist/assets/ibm-plex-sans-vietnamese-500-normal-BEb3_waV.woff           6.58 kB
dist/assets/ibm-plex-serif-cyrillic-ext-700-normal-Dq7XTXEq.woff        7.19 kB
dist/assets/ibm-plex-serif-cyrillic-ext-500-normal-BtThTb6K.woff        7.32 kB
dist/assets/ibm-plex-serif-cyrillic-ext-600-normal-CDMeBxaJ.woff        7.34 kB
dist/assets/ibm-plex-serif-cyrillic-ext-400-normal-BcBv-TKp.woff        7.38 kB
dist/assets/inexo-logo-ClCAbGN_.svg                                     7.60 kB Γöé gzip:      5.71 kB
dist/assets/ibm-plex-sans-vietnamese-400-normal-DG4YqDda.woff2          8.20 kB
dist/assets/ibm-plex-sans-vietnamese-700-normal-CkEo6LDy.woff2          8.22 kB
dist/assets/ibm-plex-sans-vietnamese-500-normal-e4dixQRQ.woff2          8.41 kB
dist/assets/ibm-plex-sans-vietnamese-600-normal-DpPYBSTl.woff2          8.46 kB
dist/assets/ibm-plex-serif-cyrillic-ext-700-normal-CFcTJr1V.woff2       8.70 kB
dist/assets/ibm-plex-serif-cyrillic-ext-500-normal-DFQJzPS0.woff2       8.72 kB
dist/assets/ibm-plex-sans-greek-700-normal-CkZN0sRy.woff                8.74 kB
dist/assets/ibm-plex-serif-cyrillic-ext-600-normal-DXSZftVr.woff2       8.74 kB
dist/assets/ibm-plex-sans-greek-400-normal-D9ESIMu3.woff                8.76 kB
dist/assets/ibm-plex-serif-cyrillic-ext-400-normal-CxUI4jC_.woff2       8.92 kB
dist/assets/ibm-plex-sans-greek-500-normal-CuWXN6rf.woff                9.14 kB
dist/assets/ibm-plex-sans-greek-600-normal-D-CqTdkO.woff                9.22 kB
dist/assets/ibm-plex-sans-greek-700-normal-wyJ6jzdA.woff2               9.92 kB
dist/assets/ibm-plex-sans-greek-400-normal-_efipK4i.woff2               9.94 kB
dist/assets/ibm-plex-sans-cyrillic-ext-700-normal-DCQwxkRk.woff        10.16 kB
dist/assets/ibm-plex-sans-cyrillic-ext-400-normal-Dsrv2Tcn.woff        10.28 kB
dist/assets/ibm-plex-sans-greek-600-normal-DzTrcv_p.woff2              10.36 kB
dist/assets/ibm-plex-sans-greek-500-normal-JMMifIXV.woff2              10.37 kB
dist/assets/ibm-plex-serif-cyrillic-700-normal-CHVzwaSb.woff           10.57 kB
dist/assets/ibm-plex-sans-cyrillic-ext-500-normal-DB5PtV2g.woff        10.59 kB
dist/assets/ibm-plex-sans-cyrillic-ext-600-normal-Bz0x94Yp.woff        10.61 kB
dist/assets/ibm-plex-serif-cyrillic-600-normal-C8YEAlRA.woff           10.85 kB
dist/assets/ibm-plex-serif-cyrillic-500-normal-oG0QAu2_.woff           10.86 kB
dist/assets/ibm-plex-serif-cyrillic-400-normal-C7IY3oUc.woff           10.91 kB
dist/assets/ibm-plex-serif-cyrillic-700-normal-BSMLrh7C.woff2          12.01 kB
dist/assets/ibm-plex-sans-cyrillic-ext-700-normal-BmRLXWpJ.woff2       12.05 kB
dist/assets/ibm-plex-serif-cyrillic-500-normal-iHfdoNSD.woff2          12.10 kB
dist/assets/ibm-plex-sans-cyrillic-ext-400-normal-g30qAdWV.woff2       12.14 kB
dist/assets/ibm-plex-serif-cyrillic-600-normal-6oiym5iu.woff2          12.19 kB
dist/assets/ibm-plex-serif-cyrillic-400-normal-CPQ8oqB-.woff2          12.28 kB
dist/assets/ibm-plex-sans-cyrillic-ext-600-normal-DUMzJB7m.woff2       12.30 kB
dist/assets/ibm-plex-sans-cyrillic-ext-500-normal-Cs5J6C77.woff2       12.30 kB
dist/assets/hero-CLDdwZDr.png                                          13.05 kB
dist/assets/ibm-plex-sans-cyrillic-700-normal-RFb1v-CK.woff            13.32 kB
dist/assets/ibm-plex-sans-cyrillic-400-normal-BTotfTJu.woff            13.51 kB
dist/assets/ibm-plex-serif-latin-ext-400-normal-DwktX9jl.woff          13.78 kB
dist/assets/ibm-plex-serif-latin-ext-700-normal-5BnP_gGI.woff          13.78 kB
dist/assets/ibm-plex-sans-cyrillic-500-normal-ByOcLdNv.woff            13.85 kB
dist/assets/ibm-plex-serif-latin-ext-600-normal-D1-_Ic5L.woff          13.86 kB
dist/assets/ibm-plex-serif-latin-ext-500-normal-Czz10gBp.woff          13.87 kB
dist/assets/ibm-plex-sans-cyrillic-600-normal-BGq0mW3O.woff            13.88 kB
dist/assets/ibm-plex-sans-latin-ext-400-normal-RBey6euL.woff           14.36 kB
dist/assets/ibm-plex-sans-latin-ext-700-normal-DZH6Xh-4.woff           14.42 kB
dist/assets/ibm-plex-sans-cyrillic-700-normal-D_uavGvn.woff2           14.57 kB
dist/assets/ibm-plex-sans-latin-ext-500-normal-D0aIdm-b.woff           14.73 kB
dist/assets/ibm-plex-sans-latin-ext-600-normal-DIrixKbi.woff           14.77 kB
dist/assets/ibm-plex-sans-cyrillic-400-normal-DZqxrq2p.woff2           14.80 kB
dist/assets/ibm-plex-sans-cyrillic-500-normal-CocWQlwt.woff2           15.00 kB
dist/assets/ibm-plex-sans-cyrillic-600-normal-71GNu3SW.woff2           15.04 kB
dist/assets/ibm-plex-serif-latin-ext-400-normal-CNMooFZX.woff2         15.47 kB
dist/assets/ibm-plex-serif-latin-ext-500-normal-CmETpp4t.woff2         15.51 kB
dist/assets/ibm-plex-serif-latin-ext-600-normal-CU6LeQOd.woff2         15.56 kB
dist/assets/ibm-plex-serif-latin-ext-700-normal-BoBbeF2z.woff2         15.56 kB
dist/assets/ibm-plex-sans-latin-ext-400-normal-C5H60-Va.woff2          15.98 kB
dist/assets/ibm-plex-sans-latin-ext-700-normal-aMgXseD4.woff2          16.18 kB
dist/assets/ibm-plex-sans-latin-ext-600-normal-DOrvGEcy.woff2          16.44 kB
dist/assets/ibm-plex-sans-latin-ext-500-normal-DakdToA3.woff2          16.45 kB
dist/assets/ibm-plex-serif-latin-400-normal-BB-zNvJB.woff              18.50 kB
dist/assets/ibm-plex-serif-latin-700-normal-BBiG0u0D.woff              18.71 kB
dist/assets/ibm-plex-serif-latin-500-normal-C3_OdgN3.woff              19.48 kB
dist/assets/ibm-plex-serif-latin-600-normal-D3rpGdkS.woff              19.57 kB
dist/assets/ibm-plex-serif-latin-400-normal-BIGslYFI.woff2             19.58 kB
dist/assets/ibm-plex-serif-latin-700-normal-bnJnpGuO.woff2             19.90 kB
dist/assets/ibm-plex-serif-latin-500-normal-REKAfBVG.woff2             20.30 kB
dist/assets/ibm-plex-serif-latin-600-normal-DAxitmSu.woff2             20.51 kB
dist/assets/ibm-plex-sans-latin-400-normal-CYLoc0-x.woff               22.10 kB
dist/assets/ibm-plex-sans-latin-700-normal-Bth3BMcD.woff               22.28 kB
dist/assets/ibm-plex-sans-latin-400-normal-CDDApCn2.woff2              22.58 kB
dist/assets/ibm-plex-sans-latin-700-normal-Bxkt5Cjx.woff2              22.83 kB
dist/assets/ibm-plex-sans-latin-600-normal-Cu4Hd6ag.woff               23.87 kB
dist/assets/ibm-plex-sans-latin-500-normal-BgVn5rGT.woff               23.91 kB
dist/assets/ibm-plex-sans-latin-500-normal-6ng42L7E.woff2              24.18 kB
dist/assets/ibm-plex-sans-latin-600-normal-CuJfVYMP.woff2              24.25 kB
dist/assets/certificateImage-DTSvbTMP.png                             622.78 kB
dist/assets/who-we-are-facility-BUGHlx9T.png                        2,036.96 kB
dist/assets/FEDIN-C1Vlo5XA.svg                                      3,836.37 kB Γöé gzip:  2,866.14 kB
dist/assets/FEDEXO-XoyVtLTv.svg                                     4,166.31 kB Γöé gzip:  3,110.01 kB
dist/assets/FEDPOUR-C3AsrEk-.svg                                    4,238.05 kB Γöé gzip:  3,158.96 kB
dist/assets/SPOTEX-CdTv7M09.svg                                    16,917.28 kB Γöé gzip: 12,685.16 kB
dist/assets/index-BpTH7q6u.css                                         54.34 kB Γöé gzip:     10.19 kB
dist/assets/HomePage-CGAdLpHz.js                                       25.46 kB Γöé gzip:      7.54 kB
dist/assets/index-YdPe30Dl.js                                         278.00 kB Γöé gzip:     88.97 kB

[32mΓ£ô built in 1.98s[39m
